// Jest Snapshot v1, https://goo.gl/fbAQLP

exports[`Test MemesContainer renders correctly 1`] = `
<h1>
  Loading...
</h1>
`;
